[0m15:15:46.210043 [debug] [MainThread]: Sending event: {'category': 'dbt', 'action': 'invocation', 'label': 'start', 'context': [<snowplow_tracker.self_describing_json.SelfDescribingJson object at 0x7bccd4d67dd0>, <snowplow_tracker.self_describing_json.SelfDescribingJson object at 0x7bccd4ea9590>, <snowplow_tracker.self_describing_json.SelfDescribingJson object at 0x7bccd4db0c10>]}


============================== 15:15:46.216441 | c3343c0c-61f0-4acb-8228-ef375c4dc5a7 ==============================
[0m15:15:46.216441 [info ] [MainThread]: Running with dbt=1.12.0
[0m15:15:46.217417 [debug] [MainThread]: running dbt with arguments {'maximum_seed_size_mib': '1', 'printer_width': '80', 'no_print': 'None', 'indirect_selection': 'eager', 'log_cache_events': 'False', 'fail_fast': 'False', 'write_json': 'True', 'warn_error_options': 'WarnErrorOptionsV2(error=[], warn=[], silence=[])', 'target_path': 'None', 'send_anonymous_usage_stats': 'True', 'static_parser': 'True', 'cache_selected_only': 'False', 'warn_error': 'None', 'empty': 'None', 'introspect': 'True', 'hints_enabled': 'True', 'invocation_command': 'dbt init bike_rental', 'use_experimental_parser': 'False', 'profiles_dir': '/root/.dbt', 'partial_parse': 'True', 'version_check': 'True', 'debug': 'False', 'quiet': 'False', 'use_colors': 'True', 'log_format': 'default', 'log_path': 'logs'}
[0m15:15:46.228657 [info ] [MainThread]: Creating dbt configuration folder at /root/.dbt
[0m15:15:46.232022 [debug] [MainThread]: Starter project path: /usr/local/lib/python3.11/site-packages/dbt/include/starter_project
[0m15:15:46.365751 [info ] [MainThread]: Setting up your profile.
[0m15:16:06.724629 [info ] [MainThread]: Profile bike_rental written to /root/.dbt/profiles.yml using target's sample configuration. Once updated, you'll be able to start developing with dbt.
[0m15:16:06.726842 [info ] [MainThread]: Running dbt debug to validate the project...
[0m15:16:06.727864 [info ] [MainThread]: dbt version: 1.12.0
[0m15:16:06.728620 [info ] [MainThread]: python version: 3.11.15
[0m15:16:06.729314 [info ] [MainThread]: python path: /usr/local/bin/python3.11
[0m15:16:06.730002 [info ] [MainThread]: os info: Linux-6.6.87.2-microsoft-standard-WSL2-x86_64-with-glibc2.41
[0m15:16:06.750569 [info ] [MainThread]: Using profiles dir at /root/.dbt
[0m15:16:06.751393 [info ] [MainThread]: Using profiles.yml file at /root/.dbt/profiles.yml
[0m15:16:06.752405 [info ] [MainThread]: Using dbt_project.yml file at /app/bike_rental/dbt_project.yml
[0m15:16:06.833230 [info ] [MainThread]: Configuration:
[0m15:16:06.834101 [info ] [MainThread]:   profiles.yml file [[31mERROR invalid[0m]
[0m15:16:06.834943 [info ] [MainThread]:   dbt_project.yml file [[32mOK found and valid[0m]
[0m15:16:06.835770 [info ] [MainThread]: Required dependencies:
[0m15:16:06.836505 [debug] [MainThread]: Executing "git --help"
[0m15:16:06.838934 [info ] [MainThread]:  - git [[31mERROR[0m]

[0m15:16:06.839624 [info ] [MainThread]: Connection test skipped since no profile was found
[0m15:16:06.840394 [info ] [MainThread]: [31m2 checks failed:[0m
[0m15:16:06.841087 [info ] [MainThread]: Profile loading failed for the following reason:
Runtime Error
  Credentials in profile "bike_rental", target "dev" invalid: ['database name'] is not of type 'string'


[0m15:16:06.841794 [info ] [MainThread]: Error from git --help: Could not find command, ensure it is in the user's PATH: "git"

[0m15:16:06.842629 [info ] [MainThread]: Your new dbt project "bike_rental" was created!
Initialized new project in /app/bike_rental/bike_rental

For more information on how to configure the profiles.yml file,
please consult the dbt documentation here:

  https://docs.getdbt.com/docs/configure-your-profile

One more thing:

Need help? Don't hesitate to reach out to us via GitHub issues or on Slack:

  https://community.getdbt.com/

Happy modeling!

[0m15:16:06.843406 [info ] [MainThread]: [31mYour profile may need adjustments. You can find the logs of `dbt debug` above[0m
[0m15:16:06.845222 [debug] [MainThread]: Resource report: {"command_name": "init", "command_success": true, "command_wall_clock_time": 21.323643, "process_in_blocks": "1232", "process_kernel_time": 0.32174, "process_mem_max_rss": "116688", "process_out_blocks": "64", "process_user_time": 0.945361}
[0m15:16:06.846115 [debug] [MainThread]: Command `dbt init` succeeded at 15:16:06.846047 after 21.32 seconds
[0m15:16:06.846817 [debug] [MainThread]: Sending event: {'category': 'dbt', 'action': 'invocation', 'label': 'end', 'context': [<snowplow_tracker.self_describing_json.SelfDescribingJson object at 0x7bccd4e20e10>, <snowplow_tracker.self_describing_json.SelfDescribingJson object at 0x7bccd4e21710>, <snowplow_tracker.self_describing_json.SelfDescribingJson object at 0x7bccd4ea9610>]}
[0m15:16:06.847489 [debug] [MainThread]: Flushing usage events
[0m15:16:07.370597 [debug] [MainThread]: An error was encountered while trying to flush usage events
[0m08:38:04.438057 [debug] [MainThread]: Sending event: {'category': 'dbt', 'action': 'invocation', 'label': 'start', 'context': [<snowplow_tracker.self_describing_json.SelfDescribingJson object at 0x79f7af36c4d0>, <snowplow_tracker.self_describing_json.SelfDescribingJson object at 0x79f7ac131090>, <snowplow_tracker.self_describing_json.SelfDescribingJson object at 0x79f7af36df10>]}


============================== 08:38:04.442971 | 5a522676-6fce-43b8-a94f-68c9fc77ac40 ==============================
[0m08:38:04.442971 [info ] [MainThread]: Running with dbt=1.12.0
[0m08:38:04.443998 [debug] [MainThread]: running dbt with arguments {'no_print': 'None', 'quiet': 'False', 'send_anonymous_usage_stats': 'True', 'write_json': 'True', 'warn_error_options': 'WarnErrorOptionsV2(error=[], warn=[], silence=[])', 'log_format': 'default', 'empty': 'None', 'log_cache_events': 'False', 'static_parser': 'True', 'log_path': 'logs', 'indirect_selection': 'eager', 'maximum_seed_size_mib': '1', 'warn_error': 'None', 'partial_parse': 'True', 'profiles_dir': '/root/.dbt', 'use_experimental_parser': 'False', 'invocation_command': 'dbt debug', 'fail_fast': 'False', 'target_path': 'None', 'version_check': 'True', 'printer_width': '80', 'introspect': 'True', 'debug': 'False', 'cache_selected_only': 'False', 'use_colors': 'True', 'hints_enabled': 'True'}
[0m08:38:04.450866 [info ] [MainThread]: dbt version: 1.12.0
[0m08:38:04.451748 [info ] [MainThread]: python version: 3.11.15
[0m08:38:04.452581 [info ] [MainThread]: python path: /usr/local/bin/python3.11
[0m08:38:04.453326 [info ] [MainThread]: os info: Linux-6.6.87.2-microsoft-standard-WSL2-x86_64-with-glibc2.41
[0m08:38:04.506565 [info ] [MainThread]: Using profiles dir at /root/.dbt
[0m08:38:04.507376 [info ] [MainThread]: Using profiles.yml file at /root/.dbt/profiles.yml
[0m08:38:04.508252 [info ] [MainThread]: Using dbt_project.yml file at /app/dbt_project.yml
[0m08:38:04.509089 [info ] [MainThread]: adapter type: trino
[0m08:38:04.509855 [info ] [MainThread]: adapter version: 1.10.3
[0m08:38:04.510814 [info ] [MainThread]: Configuration:
[0m08:38:04.511573 [info ] [MainThread]:   profiles.yml file [[32mOK found and valid[0m]
[0m08:38:04.512218 [info ] [MainThread]:   dbt_project.yml file [[31mERROR not found[0m]
[0m08:38:04.512973 [info ] [MainThread]: Required dependencies:
[0m08:38:04.513721 [debug] [MainThread]: Executing "git --help"
[0m08:38:04.515993 [debug] [MainThread]: STDOUT: "b"usage: git [-v | --version] [-h | --help] [-C <path>] [-c <name>=<value>]\n           [--exec-path[=<path>]] [--html-path] [--man-path] [--info-path]\n           [-p | --paginate | -P | --no-pager] [--no-replace-objects] [--no-lazy-fetch]\n           [--no-optional-locks] [--no-advice] [--bare] [--git-dir=<path>]\n           [--work-tree=<path>] [--namespace=<name>] [--config-env=<name>=<envvar>]\n           <command> [<args>]\n\nThese are common Git commands used in various situations:\n\nstart a working area (see also: git help tutorial)\n   clone     Clone a repository into a new directory\n   init      Create an empty Git repository or reinitialize an existing one\n\nwork on the current change (see also: git help everyday)\n   add       Add file contents to the index\n   mv        Move or rename a file, a directory, or a symlink\n   restore   Restore working tree files\n   rm        Remove files from the working tree and from the index\n\nexamine the history and state (see also: git help revisions)\n   bisect    Use binary search to find the commit that introduced a bug\n   diff      Show changes between commits, commit and working tree, etc\n   grep      Print lines matching a pattern\n   log       Show commit logs\n   show      Show various types of objects\n   status    Show the working tree status\n\ngrow, mark and tweak your common history\n   branch    List, create, or delete branches\n   commit    Record changes to the repository\n   merge     Join two or more development histories together\n   rebase    Reapply commits on top of another base tip\n   reset     Reset current HEAD to the specified state\n   switch    Switch branches\n   tag       Create, list, delete or verify a tag object signed with GPG\n\ncollaborate (see also: git help workflows)\n   fetch     Download objects and refs from another repository\n   pull      Fetch from and integrate with another repository or a local branch\n   push      Update remote refs along with associated objects\n\n'git help -a' and 'git help -g' list available subcommands and some\nconcept guides. See 'git help <command>' or 'git help <concept>'\nto read about a specific subcommand or concept.\nSee 'git help git' for an overview of the system.\n""
[0m08:38:04.516791 [debug] [MainThread]: STDERR: "b''"
[0m08:38:04.517445 [info ] [MainThread]:  - git [[32mOK found[0m]

[0m08:38:04.518157 [info ] [MainThread]: Connection:
[0m08:38:04.518880 [info ] [MainThread]:   host: trino
[0m08:38:04.519550 [info ] [MainThread]:   port: 8080
[0m08:38:04.520234 [info ] [MainThread]:   user: dbt
[0m08:38:04.520960 [info ] [MainThread]:   database: iceberg
[0m08:38:04.521598 [info ] [MainThread]:   schema: gold
[0m08:38:04.522272 [info ] [MainThread]:   cert: None
[0m08:38:04.522999 [info ] [MainThread]:   prepared_statements_enabled: True
[0m08:38:04.523686 [info ] [MainThread]:   starburst_url: None
[0m08:38:04.524377 [info ] [MainThread]:   starburst_metadata_failure_strategy: continue_on_error
[0m08:38:04.525022 [info ] [MainThread]:   starburst_max_column_batch_size: 100
[0m08:38:04.525714 [info ] [MainThread]: Registered adapter: trino=1.10.3
[0m08:38:04.584681 [debug] [MainThread]: Acquiring new trino connection 'debug'
[0m08:38:04.611377 [debug] [MainThread]: Using trino connection "debug"
[0m08:38:04.612103 [debug] [MainThread]: On debug: select 1 as id
[0m08:38:04.612715 [debug] [MainThread]: Opening a new connection, currently in state init
[0m08:38:04.613342 [warn ] [MainThread]: [[33mWARNING[0m]: SSL certificate validation is disabled by default. It is legacy behavior which will be changed in future releases. It is strongly advised to enable `require_certificate_validation` flag or explicitly set `cert` configuration to `True` for security reasons. You may receive an error after that if your SSL setup is incorrect.
You may opt into the new behavior sooner by setting `flags.require_certificate_validation` to `True` in `dbt_project.yml`.
Visit https://docs.getdbt.com/reference/global-configs/behavior-changes for more information.
[0m08:38:04.614206 [debug] [MainThread]: Sending event: {'category': 'dbt', 'action': 'BehaviorChangeEvent', 'label': '5a522676-6fce-43b8-a94f-68c9fc77ac40', 'context': [<snowplow_tracker.self_describing_json.SelfDescribingJson object at 0x79f7ac23b610>]}
[0m08:38:04.636735 [debug] [MainThread]: SQL status: SUCCESS in 0.024 seconds
[0m08:38:04.639248 [debug] [MainThread]: On debug: Close
[0m08:38:04.639927 [info ] [MainThread]:   Connection test: [[32mOK connection ok[0m]

[0m08:38:04.640672 [info ] [MainThread]: [31m1 check failed:[0m
[0m08:38:04.641448 [info ] [MainThread]: Project loading failed for the following reason:
 project path </app/dbt_project.yml> not found

[0m08:38:04.643867 [debug] [MainThread]: Resource report: {"command_name": "debug", "command_success": false, "command_wall_clock_time": 0.27603903, "process_in_blocks": "4328", "process_kernel_time": 0.371605, "process_mem_max_rss": "120232", "process_out_blocks": "2296", "process_user_time": 0.970969}
[0m08:38:04.644706 [debug] [MainThread]: Command `dbt debug` failed at 08:38:04.644595 after 0.28 seconds
[0m08:38:04.645506 [debug] [MainThread]: Connection 'debug' was properly closed.
[0m08:38:04.646209 [debug] [MainThread]: Sending event: {'category': 'dbt', 'action': 'invocation', 'label': 'end', 'context': [<snowplow_tracker.self_describing_json.SelfDescribingJson object at 0x79f7b111d610>, <snowplow_tracker.self_describing_json.SelfDescribingJson object at 0x79f7ac183090>, <snowplow_tracker.self_describing_json.SelfDescribingJson object at 0x79f7ab8dc050>]}
[0m08:38:04.647044 [debug] [MainThread]: Flushing usage events
[0m08:38:05.202699 [debug] [MainThread]: An error was encountered while trying to flush usage events
[0m08:56:35.622906 [debug] [MainThread]: Sending event: {'category': 'dbt', 'action': 'invocation', 'label': 'start', 'context': [<snowplow_tracker.self_describing_json.SelfDescribingJson object at 0x742901c27a90>, <snowplow_tracker.self_describing_json.SelfDescribingJson object at 0x742901d28ed0>, <snowplow_tracker.self_describing_json.SelfDescribingJson object at 0x742901c26cd0>]}


============================== 08:56:35.626926 | 0d25d77e-9da5-4617-9479-8ed11d5196bc ==============================
[0m08:56:35.626926 [info ] [MainThread]: Running with dbt=1.12.0
[0m08:56:35.627899 [debug] [MainThread]: running dbt with arguments {'send_anonymous_usage_stats': 'True', 'partial_parse': 'True', 'printer_width': '80', 'log_format': 'default', 'write_json': 'True', 'hints_enabled': 'True', 'maximum_seed_size_mib': '1', 'quiet': 'False', 'static_parser': 'True', 'debug': 'False', 'profiles_dir': '/root/.dbt', 'version_check': 'True', 'fail_fast': 'False', 'indirect_selection': 'eager', 'cache_selected_only': 'False', 'target_path': 'None', 'warn_error_options': 'WarnErrorOptionsV2(error=[], warn=[], silence=[])', 'invocation_command': 'dbt run', 'no_print': 'None', 'empty': 'False', 'use_experimental_parser': 'False', 'use_colors': 'True', 'log_path': 'logs', 'introspect': 'True', 'warn_error': 'None', 'log_cache_events': 'False'}
[0m08:56:35.628926 [error] [MainThread]: [[31mERROR[0m]: Encountered an error:
Runtime Error
  No dbt_project.yml found at expected path /app/dbt_project.yml
  Verify that each entry within packages.yml (and their transitive dependencies) contains a file named dbt_project.yml
  
[0m08:56:35.631119 [debug] [MainThread]: Resource report: {"command_name": "run", "command_success": false, "command_wall_clock_time": 0.0924068, "process_in_blocks": "106528", "process_kernel_time": 0.369427, "process_mem_max_rss": "111204", "process_out_blocks": "0", "process_user_time": 0.875834}
[0m08:56:35.631817 [debug] [MainThread]: Command `dbt run` failed at 08:56:35.631734 after 0.09 seconds
[0m08:56:35.632432 [debug] [MainThread]: Sending event: {'category': 'dbt', 'action': 'invocation', 'label': 'end', 'context': [<snowplow_tracker.self_describing_json.SelfDescribingJson object at 0x742901dc8d10>, <snowplow_tracker.self_describing_json.SelfDescribingJson object at 0x742901d13550>, <snowplow_tracker.self_describing_json.SelfDescribingJson object at 0x742901d13510>]}
[0m08:56:35.633059 [debug] [MainThread]: Flushing usage events
[0m08:56:36.165088 [debug] [MainThread]: An error was encountered while trying to flush usage events
[0m08:56:52.244326 [debug] [MainThread]: Sending event: {'category': 'dbt', 'action': 'invocation', 'label': 'start', 'context': [<snowplow_tracker.self_describing_json.SelfDescribingJson object at 0x7c92620c5c90>, <snowplow_tracker.self_describing_json.SelfDescribingJson object at 0x7c925ebf4e10>, <snowplow_tracker.self_describing_json.SelfDescribingJson object at 0x7c925ebf4810>]}


============================== 08:56:52.246474 | 549effb0-c08a-4b6e-bf7c-9b55070ab686 ==============================
[0m08:56:52.246474 [info ] [MainThread]: Running with dbt=1.12.0
[0m08:56:52.247290 [debug] [MainThread]: running dbt with arguments {'maximum_seed_size_mib': '1', 'use_experimental_parser': 'False', 'hints_enabled': 'True', 'fail_fast': 'False', 'warn_error_options': 'WarnErrorOptionsV2(error=[], warn=[], silence=[])', 'indirect_selection': 'eager', 'debug': 'False', 'quiet': 'False', 'profiles_dir': '/root/.dbt', 'static_parser': 'True', 'cache_selected_only': 'False', 'use_colors': 'True', 'target_path': 'None', 'send_anonymous_usage_stats': 'True', 'invocation_command': 'dbt run', 'log_format': 'default', 'printer_width': '80', 'warn_error': 'None', 'version_check': 'True', 'empty': 'False', 'log_cache_events': 'False', 'partial_parse': 'True', 'introspect': 'True', 'log_path': 'logs', 'no_print': 'None', 'write_json': 'True'}
[0m08:56:52.248184 [error] [MainThread]: [[31mERROR[0m]: Encountered an error:
Runtime Error
  No dbt_project.yml found at expected path /app/dbt_project.yml
  Verify that each entry within packages.yml (and their transitive dependencies) contains a file named dbt_project.yml
  
[0m08:56:52.249333 [debug] [MainThread]: Resource report: {"command_name": "run", "command_success": false, "command_wall_clock_time": 0.06990499, "process_in_blocks": "0", "process_kernel_time": 0.27758, "process_mem_max_rss": "111648", "process_out_blocks": "0", "process_user_time": 0.757399}
[0m08:56:52.250098 [debug] [MainThread]: Command `dbt run` failed at 08:56:52.250007 after 0.07 seconds
[0m08:56:52.250782 [debug] [MainThread]: Sending event: {'category': 'dbt', 'action': 'invocation', 'label': 'end', 'context': [<snowplow_tracker.self_describing_json.SelfDescribingJson object at 0x7c925eb1c0d0>, <snowplow_tracker.self_describing_json.SelfDescribingJson object at 0x7c925eb1c9d0>, <snowplow_tracker.self_describing_json.SelfDescribingJson object at 0x7c925ebeb610>]}
[0m08:56:52.251430 [debug] [MainThread]: Flushing usage events
[0m08:56:52.692460 [debug] [MainThread]: An error was encountered while trying to flush usage events
[0m09:06:33.744236 [debug] [MainThread]: Sending event: {'category': 'dbt', 'action': 'invocation', 'label': 'start', 'context': [<snowplow_tracker.self_describing_json.SelfDescribingJson object at 0x7ef17703a310>, <snowplow_tracker.self_describing_json.SelfDescribingJson object at 0x7ef173d28510>, <snowplow_tracker.self_describing_json.SelfDescribingJson object at 0x7ef173d29010>]}


============================== 09:06:33.748423 | 7bc527ab-fb84-4247-a4d9-b261cdd91800 ==============================
[0m09:06:33.748423 [info ] [MainThread]: Running with dbt=1.12.0
[0m09:06:33.749413 [debug] [MainThread]: running dbt with arguments {'log_cache_events': 'False', 'cache_selected_only': 'False', 'invocation_command': 'dbt test', 'log_format': 'default', 'hints_enabled': 'True', 'static_parser': 'True', 'partial_parse': 'True', 'warn_error_options': 'WarnErrorOptionsV2(error=[], warn=[], silence=[])', 'write_json': 'True', 'version_check': 'True', 'printer_width': '80', 'maximum_seed_size_mib': '1', 'no_print': 'None', 'introspect': 'True', 'debug': 'False', 'indirect_selection': 'eager', 'quiet': 'False', 'fail_fast': 'False', 'use_colors': 'True', 'warn_error': 'None', 'log_path': 'logs', 'send_anonymous_usage_stats': 'True', 'empty': 'None', 'profiles_dir': '/root/.dbt', 'target_path': 'None', 'use_experimental_parser': 'False'}
[0m09:06:33.750382 [error] [MainThread]: [[31mERROR[0m]: Encountered an error:
Runtime Error
  No dbt_project.yml found at expected path /app/dbt_project.yml
  Verify that each entry within packages.yml (and their transitive dependencies) contains a file named dbt_project.yml
  
[0m09:06:33.752494 [debug] [MainThread]: Resource report: {"command_name": "test", "command_success": false, "command_wall_clock_time": 0.09137549, "process_in_blocks": "108608", "process_kernel_time": 0.402161, "process_mem_max_rss": "111312", "process_out_blocks": "0", "process_user_time": 0.835559}
[0m09:06:33.753254 [debug] [MainThread]: Command `dbt test` failed at 09:06:33.753153 after 0.09 seconds
[0m09:06:33.753992 [debug] [MainThread]: Sending event: {'category': 'dbt', 'action': 'invocation', 'label': 'end', 'context': [<snowplow_tracker.self_describing_json.SelfDescribingJson object at 0x7ef173c50950>, <snowplow_tracker.self_describing_json.SelfDescribingJson object at 0x7ef173c507d0>, <snowplow_tracker.self_describing_json.SelfDescribingJson object at 0x7ef173d1f550>]}
[0m09:06:33.754707 [debug] [MainThread]: Flushing usage events
[0m09:06:34.293547 [debug] [MainThread]: An error was encountered while trying to flush usage events
[0m09:33:15.533307 [debug] [MainThread]: Sending event: {'category': 'dbt', 'action': 'invocation', 'label': 'start', 'context': [<snowplow_tracker.self_describing_json.SelfDescribingJson object at 0x797d40c55fd0>, <snowplow_tracker.self_describing_json.SelfDescribingJson object at 0x797d40ad45d0>, <snowplow_tracker.self_describing_json.SelfDescribingJson object at 0x797d40b232d0>]}


============================== 09:33:15.538963 | 46dc82fd-8b3c-46f8-9175-a0bdc8f0ec7c ==============================
[0m09:33:15.538963 [info ] [MainThread]: Running with dbt=1.12.0
[0m09:33:15.539987 [debug] [MainThread]: running dbt with arguments {'printer_width': '80', 'partial_parse': 'True', 'empty': 'None', 'version_check': 'True', 'log_path': 'logs', 'write_json': 'True', 'send_anonymous_usage_stats': 'True', 'target_path': 'None', 'maximum_seed_size_mib': '1', 'introspect': 'True', 'warn_error_options': 'WarnErrorOptionsV2(error=[], warn=[], silence=[])', 'debug': 'False', 'invocation_command': 'dbt docs serve', 'log_format': 'default', 'no_print': 'None', 'hints_enabled': 'True', 'log_cache_events': 'False', 'warn_error': 'None', 'quiet': 'False', 'indirect_selection': 'eager', 'fail_fast': 'False', 'static_parser': 'True', 'use_experimental_parser': 'False', 'cache_selected_only': 'False', 'use_colors': 'True', 'profiles_dir': '/root/.dbt'}
[0m09:33:15.540985 [error] [MainThread]: [[31mERROR[0m]: Encountered an error:
Runtime Error
  No dbt_project.yml found at expected path /app/dbt_project.yml
  Verify that each entry within packages.yml (and their transitive dependencies) contains a file named dbt_project.yml
  
[0m09:33:15.542772 [debug] [MainThread]: Resource report: {"command_name": "serve", "command_success": false, "command_wall_clock_time": 0.07123911, "process_in_blocks": "98664", "process_kernel_time": 0.37273, "process_mem_max_rss": "112576", "process_out_blocks": "2192", "process_user_time": 0.914169}
[0m09:33:15.543517 [debug] [MainThread]: Command `dbt docs serve` failed at 09:33:15.543446 after 0.07 seconds
[0m09:33:15.544204 [debug] [MainThread]: Sending event: {'category': 'dbt', 'action': 'invocation', 'label': 'end', 'context': [<snowplow_tracker.self_describing_json.SelfDescribingJson object at 0x797d40b2a050>, <snowplow_tracker.self_describing_json.SelfDescribingJson object at 0x797d40b20290>, <snowplow_tracker.self_describing_json.SelfDescribingJson object at 0x797d40b236d0>]}
[0m09:33:15.544923 [debug] [MainThread]: Flushing usage events
[0m09:33:16.076390 [debug] [MainThread]: An error was encountered while trying to flush usage events
[0m09:33:37.555387 [debug] [MainThread]: Sending event: {'category': 'dbt', 'action': 'invocation', 'label': 'start', 'context': [<snowplow_tracker.self_describing_json.SelfDescribingJson object at 0x7f32defbd7d0>, <snowplow_tracker.self_describing_json.SelfDescribingJson object at 0x7f32def9a150>, <snowplow_tracker.self_describing_json.SelfDescribingJson object at 0x7f32df06d610>]}


============================== 09:33:37.557792 | 8b34c63c-3363-42ec-af0f-8658e4168b7d ==============================
[0m09:33:37.557792 [info ] [MainThread]: Running with dbt=1.12.0
[0m09:33:37.558808 [debug] [MainThread]: running dbt with arguments {'log_path': 'logs', 'send_anonymous_usage_stats': 'True', 'partial_parse': 'True', 'quiet': 'False', 'cache_selected_only': 'False', 'log_cache_events': 'False', 'hints_enabled': 'True', 'indirect_selection': 'eager', 'static_parser': 'True', 'no_print': 'None', 'target_path': 'None', 'log_format': 'default', 'write_json': 'True', 'warn_error_options': 'WarnErrorOptionsV2(error=[], warn=[], silence=[])', 'use_experimental_parser': 'False', 'introspect': 'True', 'debug': 'False', 'warn_error': 'None', 'profiles_dir': '/root/.dbt', 'version_check': 'True', 'use_colors': 'True', 'empty': 'None', 'printer_width': '80', 'fail_fast': 'False', 'invocation_command': 'dbt docs serve --host 0.0.0.0 --port 8080', 'maximum_seed_size_mib': '1'}
[0m09:33:37.559826 [error] [MainThread]: [[31mERROR[0m]: Encountered an error:
Runtime Error
  No dbt_project.yml found at expected path /app/dbt_project.yml
  Verify that each entry within packages.yml (and their transitive dependencies) contains a file named dbt_project.yml
  
[0m09:33:37.561009 [debug] [MainThread]: Resource report: {"command_name": "serve", "command_success": false, "command_wall_clock_time": 0.07170793, "process_in_blocks": "0", "process_kernel_time": 0.289643, "process_mem_max_rss": "111356", "process_out_blocks": "0", "process_user_time": 0.76222}
[0m09:33:37.561815 [debug] [MainThread]: Command `dbt docs serve` failed at 09:33:37.561740 after 0.07 seconds
[0m09:33:37.562630 [debug] [MainThread]: Sending event: {'category': 'dbt', 'action': 'invocation', 'label': 'end', 'context': [<snowplow_tracker.self_describing_json.SelfDescribingJson object at 0x7f32df078190>, <snowplow_tracker.self_describing_json.SelfDescribingJson object at 0x7f32deed0090>, <snowplow_tracker.self_describing_json.SelfDescribingJson object at 0x7f32df0634d0>]}
[0m09:33:37.563309 [debug] [MainThread]: Flushing usage events
[0m09:33:38.080273 [debug] [MainThread]: An error was encountered while trying to flush usage events
